                            
   Task Logs (last 100)     
                            
  No entries                
                            
No entries.                 
                            
                            
                            
                            
                            
                            
                            
                            
                            
                            
                            
                            
                            
                            
                            
                            
                            
                            
                            
                            
                            
                            
                            
                            
                            
 hours   Press ? for help   