                         
   █ Task Logs █         
                         
  No entries             
                         
No entries.              
                         
                         
                         
                         
                         
                         
                         
                         
                         
                         
                         
                         
                         
                         
                         
                         
                         
                         
                         
                         
                         
                         
                         
                         
                         
 hours   Press ? for help