                                                                                     
   Add task                                                                          
                                                                                     
  > a new task                                                                       
                                                                                     
  Press <ctrl+s>/<enter> to submit                                                   
                                                                                     
                                                                                     
                                                                                     
                                                                                     
                                                                                     
                                                                                     
                                                                                     
                                                                                     
                                                                                     
                                                                                     
                                                                                     
                                                                                     
                                                                                     
                                                                                     
                                                                                     
                                                                                     
                                                                                     
                                                                                     
                                                                                     
                                                                                     
                                                                                     
                                                                                     
                                                                                     
                                                                                     
                                                                                     
 hours   Press ? for help                                                            