                           
   Task Logs (last 50)     
                           
  No entries               
                           
No entries.                
                           
                           
                           
                           
                           
                           
                           
                           
                           
                           
                           
                           
                           
                           
                           
                           
                           
                           
                           
                           
                           
                           
                           
                           
                           
                           
                           
                           
                           
                           
                           
                           
                           
 hours   Press ? for help  