                                                                              
   Tasks                                                                      
                                                                              
  3 tasks                                                                     
                                                                              
│ Implement feature A                                                         
│ last updated: 3 hours ago                                    no time spent  
                                                                              
  Fix bug in module B                                                         
  last updated: 3 hours ago                                    no time spent  
                                                                              
  Write documentation                                                         
  last updated: 3 hours ago                                    no time spent  
                                                                              
                                                                              
                                                                              
                                                                              
                                                                              
                                                                              
                                                                              
                                                                              
                                                                              
                                                                              
                                                                              
                                                                              
                                                                              
                                                                              
                                                                              
                                                                              
                                                                              
                                                                              
                                                                              
                                                                              
                                                                              
                                                                              
                                                                              
                                                                              
                                                                              
                                                                              
 hours  [term: 120x40] [msg frames left: 0] [frames rendered: 0]              