                                                                              
   Tasks                                                                      
                                                                              
  3 tasks                                                                     
                                                                              
│ Implement feature A                                                         
│ last updated: 3 hours ago                                    no time spent  
                                                                              
  ⏲ Fix bug in module B                                                       
  last updated: 3 hours ago                                    no time spent  
                                                                              
  Write documentation                                                         
  last updated: 3 hours ago                                    no time spent  
                                                                              
                                                                              
                                                                              
                                                                              
                                                                              
                                                                              
                                                                              
                                                                              
                                                                              
                                                                              
                                                                              
                                                                              
                                                                              
                                                                              
                                                                              
                                                                              
                                                                              
                                                                              
 hours   Press ? for help  tracking: Fix bug in module B (since 09:00)        