                                                                                                                  
   Task Logs (last 50)                                                                                            
                                                                                                                  
  3 entries                                                                                                       
                                                                                                                  
│ Test work on task                                                                                               
│ Implement feature A                                          06:30  ...  08:00                        (1h 30m)  
                                                                                                                  
  Test work on task                                                                                               
  Fix bug in module B                                          06:30  ...  08:00                        (1h 30m)  
                                                                                                                  
  Test work on task                                                                                               
  Implement feature A                                          06:30  ...  08:00                        (1h 30m)  
                                                                                                                  
                                                                                                                  
                                                                                                                  
                                                                                                                  
                                                                                                                  
                                                                                                                  
                                                                                                                  
                                                                                                                  
                                                                                                                  
                                                                                                                  
                                                                                                                  
                                                                                                                  
                                                                                                                  
                                                                                                                  
                                                                                                                  
                                                                                                                  
                                                                                                                  
                                                                                                                  
                                                                                                                  
                                                                                                                  
                                                                                                                  
                                                                                                                  
                                                                                                                  
                                                                                                                  
                                                                                                                  
                                                                                                                  
 hours   Press ? for help                                                                                         