                                                                                                
   Task Logs (last 50)                                                                          
                                                                                                
  3 entries                                                                                     
                                                                                                
│ Test work on task                                                                             
│ Implement feature A                                          06:30  ...  08:00             …  
                                                                                                
  Test work on task                                                                             
  Fix bug in module B                                          06:30  ...  08:00             …  
                                                                                                
  Test work on task                                                                             
  Implement feature A                                          06:30  ...  08:00             …  
                                                                                                
                                                                                                
                                                                                                
                                                                                                
                                                                                                
                                                                                                
                                                                                                
                                                                                                
                                                                                                
                                                                                                
                                                                                                
                                                                                                
                                                                                                
                                                                                                
                                                                                                
                                                                                                
                                                                                                
                                                                                                
 hours   Press ? for help                                                                       