                                                                              
   █ █ Inactive Tasks                                                         
                                                                              
  2 tasks                                                                     
                                                                              
│ Archived feature                                                            
│ last updated: 3 hours ago                                    no time spent  
                                                                              
  Completed bug fix                                                           
  last updated: 3 hours ago                                    no time spent  
                                                                              
                                                                              
                                                                              
                                                                              
                                                                              
                                                                              
                                                                              
                                                                              
                                                                              
                                                                              
                                                                              
                                                                              
                                                                              
                                                                              
                                                                              
                                                                              
                                                                              
                                                                              
                                                                              
                                                                              
                                                                              
 hours   Press ? for help                                                     