                                                                              
   Tasks                                                                      
                                                                              
  1 task                                                                      
                                                                              
│ Implement feature A                                                         
│ last updated: 3 hours ago                                    no time spent  
                                                                              
                                                                              
                                                                              
                                                                              
                                                                              
                                                                              
                                                                              
                                                                              
                                                                              
                                                                              
                                                                              
                                                                              
                                                                              
                                                                              
                                                                              
                                                                              
                                                                              
                                                                              
                                                                              
                                                                              
                                                                              
                                                                              
                                                                              
Task created successfully                                                     
 hours   Press s to start tracking time  Press ? for help                     