                                                                                                
   Task Logs (last 100)                                                                         
                                                                                                
  1 entry                                                                                       
                                                                                                
│ Test work on task                                                                             
│ Implement feature A                                          06:30  ...  08:00             …  
                                                                                                
                                                                                                
                                                                                                
                                                                                                
                                                                                                
                                                                                                
                                                                                                
                                                                                                
                                                                                                
                                                                                                
                                                                                                
                                                                                                
                                                                                                
                                                                                                
                                                                                                
                                                                                                
                                                                                                
                                                                                                
                                                                                                
                                                                                                
                                                                                                
                                                                                                
                                                                                                
                                                                                                
 hours   Press ? for help  tracked today: 1h 30m                                                