                                                
   Tasks                                        
                                                
  No tasks                                      
                                                
No tasks.                                       
                                                
                                                
                                                
                                                
                                                
                                                
                                                
                                                
                                                
                                                
                                                
                                                
                                                
                                                
                                                
                                                
                                                
                                                
                                                
                                                
                                                
                                                
                                                
                                                
Error: Something went wrong                     
 hours   Press a to add a task  Press ? for help