                                                
   Tasks                                        
                                                
  No tasks                                      
                                                
No tasks.                                       
                                                
                                                
                                                
                                                
                                                
                                                
                                                
                                                
                                                
                                                
                                                
                                                
                                                
                                                
                                                
                                                
                                                
                                                
                                                
                                                
                                                
                                                
                                                
                                                
                                                
                                                
                                                
                                                
                                                
                                                
                                                
                                                
                                                
 hours   Press a to add a task  Press ? for help