                                                                                
   Task Log Entry                                                               
                                                                                
  Updating log entry. Enter the following details.                              
                                                                                
  Begin Time* (format: 2006/01/02 15:04)                                        
                                                                                
  > 2025/08/17 09:00                   (j/k/J/K/h/l moves time)                 
                                                                                
  Comment (15/3000)                                                             
                                                                                
  ┃ Updated comment                                                             
  ┃                                                                             
  ┃                                                                             
  ┃                                                                             
  ┃                                                                             
  ┃                                                                             
  ┃                                                                             
  ┃                                                                             
  ┃                                                                             
  ┃                                                                             
                                                                                
  Press <ctrl+s>/<enter> to submit                                              
                                                                                
                                                                                
                                                                                
                                                                                
                                                                                
                                                                                
                                                                                
                                                                                
 hours   Press ? for help                                                       