                         
   Inactive Tasks        
                         
  No tasks               
                         
No tasks.                
                         
                         
                         
                         
                         
                         
                         
                         
                         
                         
                         
                         
                         
                         
                         
                         
                         
                         
                         
                         
                         
                         
                         
                         
                         
 hours   Press ? for help