success: true
exit_code: 0
----- stdout -----
+----------------------+------------------------------------------+-----------------------------------------+-----------+
|         Task         |                 Comment                  |                Duration                 | TimeSpent |
+----------------------+------------------------------------------+-----------------------------------------+-----------+
| .net                 | build function                           | 2025/10/23 23:30  ...  2025/10/24 00:12 | 42m       |
| rust                 | update interface                         | 2025/10/24 00:27  ...  2025/10/24 01:42 | 1h 15m    |
| clojure              | write report ~                           | 2025/10/24 09:27  ...  2025/10/24 10:12 | 45m       |
| clojure              | ∅                                        | 2025/10/24 10:37  ...  2025/10/24 11:27 | 50m       |
+----------------------+------------------------------------------+-----------------------------------------+-----------+

----- stderr -----

