success: true
exit_code: 0
----- stdout -----
+----------------------+-------------+-----------+
|         Task         | #LogEntries | TimeSpent |
+----------------------+-------------+-----------+
| clojure              | 27          | 26h 56    |
| rust                 | 25          | 26h 5m    |
| typescript           | 24          | 23h 32    |
| ocaml                | 27          | 23h 14    |
| swift                | 21          | 22h 12    |
| .net                 | 24          | 22h 8m    |
| c                    | 21          | 21h 15    |
| clojure              | 23          | 21h 7m    |
| c++                  | 19          | 17h 39    |
| haskell              | 17          | 15h 41    |
+----------------------+-------------+-----------+

----- stderr -----

