success: true
exit_code: 0
----- stdout -----
+----------------------+------------------------------------------+-----------------------------------------+-----------+
|         Task         |                 Comment                  |                Duration                 | TimeSpent |
+----------------------+------------------------------------------+-----------------------------------------+-----------+
| clojure              | write report ~                           | 2025/10/24 09:27  ...  2025/10/24 10:12 | 45m       |
| clojure              | ∅                                        | 2025/10/24 10:37  ...  2025/10/24 11:27 | 50m       |
+----------------------+------------------------------------------+-----------------------------------------+-----------+

----- stderr -----

