success: true
exit_code: 0
----- stdout -----
+--------------------------+
|        2025/10/24        |
+--------------------------+
| .net              42m    |
| rust              1h 15m |
| clojure           45m    |
| clojure           50m    |
+--------------------------+
|          3h 32m          |
+--------------------------+

----- stderr -----

