success: true
exit_code: 0
----- stdout -----
+----------------------+-------------+-----------+
|         Task         | #LogEntries | TimeSpent |
+----------------------+-------------+-----------+
| clojure              | 6           | 5h 17m    |
| ocaml                | 6           | 4h 56m    |
| swift                | 4           | 4h 14m    |
| typescript           | 4           | 3h 27m    |
| .net                 | 4           | 3h 13m    |
| rust                 | 3           | 2h 53m    |
| haskell              | 2           | 2h 3m     |
| c++                  | 2           | 1h 32m    |
| clojure              | 1           | 1h 2m     |
| c                    | 1           | 39m       |
+----------------------+-------------+-----------+

----- stderr -----

