success: true
exit_code: 0
----- stdout -----
+----------------------+-------------+-----------+
|         Task         | #LogEntries | TimeSpent |
+----------------------+-------------+-----------+
|                      |             |           |
+----------------------+-------------+-----------+

----- stderr -----

