success: true
exit_code: 0
----- stdout -----
+----------------------+-------------+-----------+
|         Task         | #LogEntries | TimeSpent |
+----------------------+-------------+-----------+
| typescript           | 2           | 1h 44m    |
| clojure              | 1           | 1h 2m     |
| swift                | 1           | 1h 1m     |
| clojure              | 1           | 48m       |
| ocaml                | 1           | 41m       |
+----------------------+-------------+-----------+

----- stderr -----

