success: true
exit_code: 0
----- stdout -----
+----------------------+-------------+-----------+
|         Task         | #LogEntries | TimeSpent |
+----------------------+-------------+-----------+
| clojure              | 2           | 1h 35m    |
+----------------------+-------------+-----------+

----- stderr -----

