success: true
exit_code: 0
----- stdout -----
+--------------------------+--------------------------+--------------------------+
|        2025/10/22        |        2025/10/23        |        2025/10/24        |
+--------------------------+--------------------------+--------------------------+
| haskell           1h 26m | ocaml             41m    | clojure           45m    |
| ocaml             44m    | typescript        49m    | clojure           50m    |
| c++               42m    | clojure           48m    |                          |
| clojure           48m    | clojure           1h 2m  |                          |
| swift             1h 9m  | swift             1h 1m  |                          |
| swift             45m    | typescript        55m    |                          |
|                          | .net              42m    |                          |
|                          | rust              1h 15m |                          |
+--------------------------+--------------------------+--------------------------+
|          5h 34m          |          7h 13m          |          1h 35m          |
+--------------------------+--------------------------+--------------------------+

----- stderr -----

