success: true
exit_code: 0
----- stdout -----
+----------------------+------------------------------------------+-----------------------------------------+-----------+
|         Task         |                 Comment                  |                Duration                 | TimeSpent |
+----------------------+------------------------------------------+-----------------------------------------+-----------+
| typescript           | deploy tests                             | 2025/10/20 12:58  ...  2025/10/20 13:34 | 36m       |
| swift                | refactor documentation ~                 | 2025/10/20 14:02  ...  2025/10/20 15:21 | 1h 19m    |
| c                    | maintain pipeline ~                      | 2025/10/20 18:57  ...  2025/10/20 19:36 | 39m       |
| c++                  | ∅                                        | 2025/10/20 19:53  ...  2025/10/20 20:43 | 50m       |
| ocaml                | ∅                                        | 2025/10/20 20:02  ...  2025/10/20 21:30 | 1h 28m    |
| .net                 | maintain workflow                        | 2025/10/20 20:14  ...  2025/10/20 20:47 | 33m       |
| ocaml                | analyze tests ~                          | 2025/10/20 21:46  ...  2025/10/20 22:22 | 36m       |
| ocaml                | configure workflow                       | 2025/10/20 23:02  ...  2025/10/20 23:41 | 39m       |
| rust                 | analyze workflow ~                       | 2025/10/21 01:41  ...  2025/10/21 02:45 | 1h 4m     |
| clojure              | fix code                                 | 2025/10/21 08:33  ...  2025/10/21 09:20 | 47m       |
| ocaml                | update api                               | 2025/10/21 10:53  ...  2025/10/21 11:41 | 48m       |
| typescript           | update feature                           | 2025/10/21 11:16  ...  2025/10/21 12:23 | 1h 7m     |
| clojure              | document service ~                       | 2025/10/21 14:28  ...  2025/10/21 15:47 | 1h 19m    |
| .net                 | analyze pipeline                         | 2025/10/21 16:37  ...  2025/10/21 17:38 | 1h 1m     |
| haskell              | optimize api                             | 2025/10/21 16:47  ...  2025/10/21 17:24 | 37m       |
| rust                 | analyze documentation                    | 2025/10/21 17:35  ...  2025/10/21 18:09 | 34m       |
| .net                 | fix api                                  | 2025/10/21 20:39  ...  2025/10/21 21:36 | 57m       |
| haskell              | ∅                                        | 2025/10/22 00:35  ...  2025/10/22 02:01 | 1h 26m    |
| ocaml                | design deployment                        | 2025/10/22 12:08  ...  2025/10/22 12:52 | 44m       |
| c++                  | configure configuration                  | 2025/10/22 14:54  ...  2025/10/22 15:36 | 42m       |
| clojure              | optimize log ~                           | 2025/10/22 15:09  ...  2025/10/22 15:57 | 48m       |
| swift                | ∅                                        | 2025/10/22 20:07  ...  2025/10/22 21:16 | 1h 9m     |
| swift                | ∅                                        | 2025/10/22 20:58  ...  2025/10/22 21:43 | 45m       |
| ocaml                | ∅                                        | 2025/10/23 01:19  ...  2025/10/23 02:00 | 41m       |
| typescript           | implement tests                          | 2025/10/23 03:32  ...  2025/10/23 04:21 | 49m       |
| clojure              | ∅                                        | 2025/10/23 07:16  ...  2025/10/23 08:04 | 48m       |
| clojure              | ∅                                        | 2025/10/23 10:17  ...  2025/10/23 11:19 | 1h 2m     |
| swift                | design api ~                             | 2025/10/23 14:08  ...  2025/10/23 15:09 | 1h 1m     |
| typescript           | ∅                                        | 2025/10/23 16:32  ...  2025/10/23 17:27 | 55m       |
| .net                 | build function                           | 2025/10/23 21:30  ...  2025/10/23 22:12 | 42m       |
| rust                 | update interface                         | 2025/10/23 22:27  ...  2025/10/23 23:42 | 1h 15m    |
| clojure              | write report ~                           | 2025/10/24 07:27  ...  2025/10/24 08:12 | 45m       |
| clojure              | ∅                                        | 2025/10/24 08:37  ...  2025/10/24 09:27 | 50m       |
+----------------------+------------------------------------------+-----------------------------------------+-----------+

----- stderr -----

