success: true
exit_code: 0
----- stdout -----
+----------------------+------------------------------------------+-----------------------------------------+-----------+
|         Task         |                 Comment                  |                Duration                 | TimeSpent |
+----------------------+------------------------------------------+-----------------------------------------+-----------+
| ocaml                | ∅                                        | 2025/10/23 01:19  ...  2025/10/23 02:00 | 41m       |
| typescript           | implement tests                          | 2025/10/23 03:32  ...  2025/10/23 04:21 | 49m       |
| clojure              | ∅                                        | 2025/10/23 07:16  ...  2025/10/23 08:04 | 48m       |
| clojure              | ∅                                        | 2025/10/23 10:17  ...  2025/10/23 11:19 | 1h 2m     |
| swift                | design api ~                             | 2025/10/23 14:08  ...  2025/10/23 15:09 | 1h 1m     |
| typescript           | ∅                                        | 2025/10/23 16:32  ...  2025/10/23 17:27 | 55m       |
| .net                 | build function                           | 2025/10/23 21:30  ...  2025/10/23 22:12 | 42m       |
| rust                 | update interface                         | 2025/10/23 22:27  ...  2025/10/23 23:42 | 1h 15m    |
+----------------------+------------------------------------------+-----------------------------------------+-----------+

----- stderr -----

