success: true
exit_code: 0
----- stdout -----
+----------------------+------------------------------------------+-----------------------------------------+-----------+
|         Task         |                 Comment                  |                Duration                 | TimeSpent |
+----------------------+------------------------------------------+-----------------------------------------+-----------+
| haskell              | ∅                                        | 2025/10/22 02:35  ...  2025/10/22 04:01 | 1h 26m    |
| ocaml                | design deployment                        | 2025/10/22 14:08  ...  2025/10/22 14:52 | 44m       |
| c++                  | configure configuration                  | 2025/10/22 16:54  ...  2025/10/22 17:36 | 42m       |
| clojure              | optimize log ~                           | 2025/10/22 17:09  ...  2025/10/22 17:57 | 48m       |
| swift                | ∅                                        | 2025/10/22 22:07  ...  2025/10/22 23:16 | 1h 9m     |
| swift                | ∅                                        | 2025/10/22 22:58  ...  2025/10/22 23:43 | 45m       |
| ocaml                | ∅                                        | 2025/10/23 03:19  ...  2025/10/23 04:00 | 41m       |
| typescript           | implement tests                          | 2025/10/23 05:32  ...  2025/10/23 06:21 | 49m       |
| clojure              | ∅                                        | 2025/10/23 09:16  ...  2025/10/23 10:04 | 48m       |
| clojure              | ∅                                        | 2025/10/23 12:17  ...  2025/10/23 13:19 | 1h 2m     |
| swift                | design api ~                             | 2025/10/23 16:08  ...  2025/10/23 17:09 | 1h 1m     |
| typescript           | ∅                                        | 2025/10/23 18:32  ...  2025/10/23 19:27 | 55m       |
| .net                 | build function                           | 2025/10/23 23:30  ...  2025/10/24 00:12 | 42m       |
| rust                 | update interface                         | 2025/10/24 00:27  ...  2025/10/24 01:42 | 1h 15m    |
| clojure              | write report ~                           | 2025/10/24 09:27  ...  2025/10/24 10:12 | 45m       |
| clojure              | ∅                                        | 2025/10/24 10:37  ...  2025/10/24 11:27 | 50m       |
+----------------------+------------------------------------------+-----------------------------------------+-----------+

----- stderr -----

