success: true
exit_code: 0
----- stdout -----
+----------------------+-------------+-----------+
|         Task         | #LogEntries | TimeSpent |
+----------------------+-------------+-----------+
| clojure              | 4           | 3h 11m    |
| swift                | 3           | 2h 55m    |
| typescript           | 2           | 1h 44m    |
| haskell              | 1           | 1h 26m    |
| ocaml                | 2           | 1h 25m    |
| rust                 | 1           | 1h 15m    |
| clojure              | 1           | 1h 2m     |
| c++                  | 1           | 42m       |
| .net                 | 1           | 42m       |
+----------------------+-------------+-----------+

----- stderr -----

