success: true
exit_code: 0
----- stdout -----
+----------------------+-------------+-----------+
|         Task         | #LogEntries | TimeSpent |
+----------------------+-------------+-----------+
| clojure              | 2           | 1h 35m    |
| rust                 | 1           | 1h 15m    |
| .net                 | 1           | 42m       |
+----------------------+-------------+-----------+

----- stderr -----

