success: true
exit_code: 0
----- stdout -----
Show JSON configuration for a theme

Usage:
  hours themes show-config [flags]

Examples:
  hours themes show-config                               # shows config for the current theme
  hours themes show-config -t 'default'                  # shows config for the default theme
  hours themes show-config -t 'monokai'                  # shows config for the built-in theme "monokai"
  hours themes show-config -t 'custom:yourtheme'         # shows config for a user-defined theme, with missing elements replaced by those from the default theme

Flags:
  -h, --help           help for show-config
  -t, --theme string   UI theme to use; allowed values: [default, catppuccin-mocha, gruvbox-dark, monokai-classic, solarized-dark, tokyonight, custom:<theme>] (default "default")

----- stderr -----

